[matchthemes.com/demohtml/dina/index.html]
[backblue.gif]
[fade.gif]
[index.html]
[matchthemes.com/demohtml/dina/css/bootstrap/css/bootstrap.min.css]
[matchthemes.com/demohtml/dina/css/fontawesome/css/font-awesome.min.css]
[matchthemes.com/demohtml/dina/style.css]
[matchthemes.com/demohtml/dina/images/icons/favicon-32x32.png]
[matchthemes.com/demohtml/dina/images/icons/favicon-192x192.png]
[matchthemes.com/demohtml/dina/images/icons/favicon-180x180.png]
[matchthemes.com/demohtml/dina/index-2.html]
[matchthemes.com/demohtml/dina/homepage-2.html]
[matchthemes.com/demohtml/dina/homepage-3.html]
[matchthemes.com/demohtml/dina/homepage-4.html]
[matchthemes.com/demohtml/dina/homepage-5.html]
[matchthemes.com/demohtml/dina/homepage-6.html]
[matchthemes.com/demohtml/dina/homepage-7.html]
[matchthemes.com/demohtml/dina/homepage-8.html]
[matchthemes.com/demohtml/dina/homepage-9.html]
[matchthemes.com/demohtml/dina/homepage-10.html]
[matchthemes.com/demohtml/dina/homepage-video.html]
[matchthemes.com/demohtml/dina/menu-2-col.html]
[matchthemes.com/demohtml/dina/menu-1-col.html]
[matchthemes.com/demohtml/dina/menu-3-col.html]
[matchthemes.com/demohtml/dina/menu-accordion.html]
[matchthemes.com/demohtml/dina/menu-grid-v2.html]
[matchthemes.com/demohtml/dina/menu-grid-v3.html]
[matchthemes.com/demohtml/dina/menu-grid-v3-2cols.html]
[matchthemes.com/demohtml/dina/menu-grid-v3-4cols.html]
[matchthemes.com/demohtml/dina/menu-grid-v3-5cols.html]
[matchthemes.com/demohtml/dina/menu-grid-image.html]
[matchthemes.com/demohtml/dina/header-2.html]
[matchthemes.com/demohtml/dina/header-3.html]
[matchthemes.com/demohtml/dina/header-4.html]
[matchthemes.com/demohtml/dina/header-5.html]
[matchthemes.com/demohtml/dina/header-6.html]
[matchthemes.com/demohtml/dina/about-us.html]
[matchthemes.com/demohtml/dina/about-me.html]
[matchthemes.com/demohtml/dina/team.html]
[matchthemes.com/demohtml/dina/team-2-cols.html]
[matchthemes.com/demohtml/dina/team-3-cols.html]
[matchthemes.com/demohtml/dina/services.html]
[matchthemes.com/demohtml/dina/faq.html]
[matchthemes.com/demohtml/dina/404-error.html]
[matchthemes.com/demohtml/dina/reservation.html]
[matchthemes.com/demohtml/dina/gallery-3-cols.html]
[matchthemes.com/demohtml/dina/gallery-4-cols.html]
[matchthemes.com/demohtml/dina/gallery-full-screen-3-cols.html]
[matchthemes.com/demohtml/dina/gallery-full-screen-4-cols.html]
[matchthemes.com/demohtml/dina/blog.html]
[matchthemes.com/demohtml/dina/blog-single-post.html]
[matchthemes.com/demohtml/dina/blog-classic.html]
[matchthemes.com/demohtml/dina/blog-grid.html]
[matchthemes.com/demohtml/dina/blog-grid-3-cols.html]
[matchthemes.com/demohtml/dina/blog-fullwidth.html]
[matchthemes.com/demohtml/dina/blog-left-sidebar.html]
[matchthemes.com/demohtml/dina/contact.html]
[matchthemes.com/demohtml/dina/contact-2.html]
[matchthemes.com/demohtml/dina/contact-3.html]
[matchthemes.com/demohtml/dina/images/logo-dina-white.png]
[matchthemes.com/demohtml/dina/images/slider/slider-1.jpg]
[matchthemes.com/demohtml/dina/images/slider/slider-2.jpg]
[matchthemes.com/demohtml/dina/images/slider/slider-3.jpg]
[matchthemes.com/demohtml/dina/images/icons/groceries.png]
[matchthemes.com/demohtml/dina/images/icons/food.png]
[matchthemes.com/demohtml/dina/images/icons/glass.png]
[matchthemes.com/demohtml/dina/images/home/about-7.jpg]
[matchthemes.com/demohtml/dina/images/home/about-4.jpg]
[matchthemes.com/demohtml/dina/images/home/taste-food.png]
[matchthemes.com/demohtml/dina/images/menu/double-tomato-bruschetta.jpg]
[matchthemes.com/demohtml/dina/images/menu/marinated-grilled-shrimp.jpg]
[matchthemes.com/demohtml/dina/images/menu/avocado-tomato.jpg]
[matchthemes.com/demohtml/dina/images/menu/baked-potato-skins.jpg]
[matchthemes.com/demohtml/dina/images/menu/pork-chops.jpg]
[matchthemes.com/demohtml/dina/images/menu/prime-rib-primer.jpg]
[matchthemes.com/demohtml/dina/images/menu/coconut-curry-fried-chicken.jpg]
[matchthemes.com/demohtml/dina/images/menu/sriracha-beef-skewers.jpg]
[matchthemes.com/demohtml/dina/images/menu/roast-chicken.jpg]
[matchthemes.com/demohtml/dina/images/menu/terrific-turkey-chili.jpg]
[matchthemes.com/demohtml/dina/images/menu/italian-sausage-tortellini-soup.jpg]
[matchthemes.com/demohtml/dina/images/menu/cream-asparagus-soup.jpg]
[matchthemes.com/demohtml/dina/images/menu/italian-sausage-soup.jpg]
[matchthemes.com/demohtml/dina/images/menu/creamy-chicken-wild-rice-soup.jpg]
[matchthemes.com/demohtml/dina/images/menu/delicious-ham-potato-soup.jpg]
[matchthemes.com/demohtml/dina/images/menu/summer-berry.jpg]
[matchthemes.com/demohtml/dina/images/menu/pumpkin-cookies.jpg]
[matchthemes.com/demohtml/dina/images/menu/chocolate-cupcakes.jpg]
[matchthemes.com/demohtml/dina/images/home/about-5.jpg]
[matchthemes.com/demohtml/dina/images/home/about-8.jpg]
[matchthemes.com/demohtml/dina/images/home/about-9.jpg]
[matchthemes.com/cdn-cgi/scripts/5c5dd728/cloudflare-static/email-decode.min.js]
[matchthemes.com/demohtml/dina/js/jquery.js]
[matchthemes.com/demohtml/dina/js/jquery-migrate.min.js]
[matchthemes.com/demohtml/dina/css/bootstrap/js/popper.min.js]
[matchthemes.com/demohtml/dina/css/bootstrap/js/bootstrap.min.js]
[matchthemes.com/demohtml/dina/js/jquery.easing.min.js]
[matchthemes.com/demohtml/dina/js/jquery.fitvids.js]
[matchthemes.com/demohtml/dina/js/jquery.magnific-popup.min.js]
[matchthemes.com/demohtml/dina/js/owl-carousel/owl.carousel.min.js]
[matchthemes.com/demohtml/dina/index.html]
[matchthemes.com/demohtml/dina/css/bootstrap/css/bootstrap.min.css]
[matchthemes.com/demohtml/dina/js/init.js]
[matchthemes.com/demohtml/dina/css/fontawesome/webfonts/fa-brands-400.eot]
[matchthemes.com/demohtml/dina/css/fontawesome/webfonts/fa-brands-400d41d.eot]
[matchthemes.com/demohtml/dina/css/fontawesome/webfonts/fa-brands-400.woff2]
[matchthemes.com/demohtml/dina/css/fontawesome/webfonts/fa-brands-400.woff]
[matchthemes.com/demohtml/dina/css/fontawesome/webfonts/fa-brands-400.ttf]
[matchthemes.com/demohtml/dina/css/fontawesome/webfonts/fa-brands-400.svg]
[matchthemes.com/demohtml/dina/css/fontawesome/webfonts/fa-regular-400.eot]
[matchthemes.com/demohtml/dina/css/fontawesome/webfonts/fa-regular-400d41d.eot]
[matchthemes.com/demohtml/dina/css/fontawesome/webfonts/fa-regular-400.woff2]
[matchthemes.com/demohtml/dina/css/fontawesome/webfonts/fa-regular-400.woff]
[matchthemes.com/demohtml/dina/css/fontawesome/webfonts/fa-regular-400.ttf]
[matchthemes.com/demohtml/dina/css/fontawesome/webfonts/fa-regular-400.svg]
[matchthemes.com/demohtml/dina/css/fontawesome/webfonts/fa-solid-900.eot]
[matchthemes.com/demohtml/dina/css/fontawesome/webfonts/fa-solid-900d41d.eot]
[matchthemes.com/demohtml/dina/css/fontawesome/webfonts/fa-solid-900.woff2]
[matchthemes.com/demohtml/dina/css/fontawesome/webfonts/fa-solid-900.woff]
[matchthemes.com/demohtml/dina/css/fontawesome/css/font-awesome.min.css]
[matchthemes.com/demohtml/dina/css/fontawesome/webfonts/fa-solid-900.ttf]
[matchthemes.com/demohtml/dina/css/fontawesome/webfonts/fa-solid-900.svg]
[matchthemes.com/demohtml/dina/owl.video.play.72.delayed]
[matchthemes.com/demohtml/dina/style.css]
[matchthemes.com/demohtml/dina/index-2.html]
[matchthemes.com/demohtml/dina/images/home/featured-img-1.jpg]
[matchthemes.com/demohtml/dina/images/home/featured-img-2.jpg]
[matchthemes.com/demohtml/dina/images/home/featured-img-3.jpg]
[matchthemes.com/demohtml/dina/images/home/about-10.jpg]
[matchthemes.com/demohtml/dina/homepage-2.html]
[matchthemes.com/demohtml/dina/images/home/about-1.jpg]
[matchthemes.com/demohtml/dina/images/home/about-3.jpg]
[matchthemes.com/demohtml/dina/images/home/about-6.jpg]
[matchthemes.com/demohtml/dina/images/home/about-2.jpg]
[matchthemes.com/demohtml/dina/homepage-3.html]
[matchthemes.com/demohtml/dina/images/gallery/gallery-9.jpg]
[matchthemes.com/demohtml/dina/images/gallery/gallery-8.jpg]
[matchthemes.com/demohtml/dina/images/gallery/gallery-7.jpg]
[matchthemes.com/demohtml/dina/images/gallery/gallery-6.jpg]
[matchthemes.com/demohtml/dina/images/gallery/gallery-5.jpg]
[matchthemes.com/demohtml/dina/images/gallery/gallery-4.jpg]
[matchthemes.com/demohtml/dina/images/gallery/gallery-3.jpg]
[matchthemes.com/demohtml/dina/images/gallery/gallery-2.jpg]
[matchthemes.com/demohtml/dina/images/gallery/gallery-12.jpg]
[matchthemes.com/demohtml/dina/images/gallery/gallery-11.jpg]
[matchthemes.com/demohtml/dina/images/gallery/gallery-10.jpg]
[matchthemes.com/demohtml/dina/images/gallery/gallery-1.jpg]
[matchthemes.com/demohtml/dina/images/gravatar.jpg]
[matchthemes.com/demohtml/dina/images/blog/blog-3.jpg]
[matchthemes.com/demohtml/dina/images/blog/blog-2.jpg]
[matchthemes.com/demohtml/dina/images/blog/blog-1.jpg]
[matchthemes.com/demohtml/dina/homepage-4.html]
[matchthemes.com/demohtml/dina/images/team/team-1.jpg]
[matchthemes.com/demohtml/dina/images/team/team-2.jpg]
[matchthemes.com/demohtml/dina/images/team/team-3.jpg]
[matchthemes.com/demohtml/dina/images/top-headers/reservation-image.jpg]
[matchthemes.com/demohtml/dina/homepage-5.html]
[matchthemes.com/demohtml/dina/images/blog/blog-7.jpg]
[matchthemes.com/demohtml/dina/images/blog/blog-5.jpg]
[matchthemes.com/demohtml/dina/images/blog/blog-4.jpg]
[matchthemes.com/demohtml/dina/js/jquery.form.min.js]
[matchthemes.com/demohtml/dina/homepage-6.html]
[matchthemes.com/demohtml/dina/homepage-7.html]
[matchthemes.com/demohtml/dina/js/contactform.js]
[matchthemes.com/demohtml/dina/images/home/about-81.jpg]
[matchthemes.com/demohtml/dina/images/home/about-82.jpg]
[matchthemes.com/demohtml/dina/images/home/about-83.jpg]
[matchthemes.com/demohtml/dina/images/home/about-84.jpg]
[matchthemes.com/demohtml/dina/homepage-8.html]
[matchthemes.com/demohtml/dina/images/top-headers/home-9-1.jpg]
[matchthemes.com/demohtml/dina/images/home/home-9-3.jpg]
[matchthemes.com/demohtml/dina/images/home/home-9-2.jpg]
[matchthemes.com/demohtml/dina/images/home/icon-91.png]
[matchthemes.com/demohtml/dina/images/home/icon-92.png]
[matchthemes.com/demohtml/dina/images/home/icon-93.png]
[matchthemes.com/demohtml/dina/images/home/icon-94.png]
[matchthemes.com/demohtml/dina/homepage-9.html]
[matchthemes.com/demohtml/dina/homepage-10.html]
[matchthemes.com/demowp/dina/wp-content/uploads/2019/07/video-dina-img.jpg]
[matchthemes.com/demohtml/dina/homepage-video.html]
[matchthemes.com/demohtml/dina/images/top-headers/top-img-5.jpg]
[matchthemes.com/demohtml/dina/menu-2-col.html]
[matchthemes.com/demohtml/dina/images/top-headers/menu-1col-image.jpg]
[matchthemes.com/demohtml/dina/menu-1-col.html]
[matchthemes.com/demohtml/dina/images/top-headers/menu-2col-image.jpg]
[matchthemes.com/demohtml/dina/menu-3-col.html]
[matchthemes.com/demohtml/dina/menu-accordion.html]
[matchthemes.com/demohtml/dina/menu-grid-v2.html]
[matchthemes.com/demohtml/dina/menu-grid-v3.html]
[matchthemes.com/demohtml/dina/menu-grid-v3-2cols.html]
[matchthemes.com/demohtml/dina/menu-grid-v3-4cols.html]
[matchthemes.com/demohtml/dina/menu-grid-v3-5cols.html]
[matchthemes.com/demohtml/dina/images/top-headers/menu-3col-image.jpg]
[matchthemes.com/demohtml/dina/menu-grid-image.html]
[matchthemes.com/demohtml/dina/header-2.html]
[matchthemes.com/demohtml/dina/images/logo-dina.png]
[matchthemes.com/demohtml/dina/header-3.html]
[matchthemes.com/demohtml/dina/header-4.html]
[matchthemes.com/demohtml/dina/header-5.html]
[matchthemes.com/demohtml/dina/header-6.html]
[matchthemes.com/demohtml/dina/images/team/team-4.jpg]
[matchthemes.com/demohtml/dina/about-us.html]
[matchthemes.com/demohtml/dina/about-me.html]
[matchthemes.com/demohtml/dina/images/top-headers/top-img-6.jpg]
[matchthemes.com/demohtml/dina/team.html]
[matchthemes.com/demohtml/dina/team-2-cols.html]
[matchthemes.com/demohtml/dina/team-3-cols.html]
[matchthemes.com/demohtml/dina/services.html]
[matchthemes.com/demohtml/dina/faq.html]
[matchthemes.com/demohtml/dina/404-error.html]
[matchthemes.com/demohtml/dina/reservation.html]
[matchthemes.com/demohtml/dina/gallery-3-cols.html]
[matchthemes.com/demohtml/dina/gallery-4-cols.html]
[matchthemes.com/demohtml/dina/gallery-full-screen-3-cols.html]
[matchthemes.com/demohtml/dina/gallery-full-screen-4-cols.html]
[matchthemes.com/demohtml/dina/js/reservation-form.js]
[matchthemes.com/demohtml/dina/images/blog/blog-6.jpg]
[matchthemes.com/demohtml/dina/blog.html]
[matchthemes.com/demohtml/dina/blog-single-post.html]
[matchthemes.com/demohtml/dina/blog-classic.html]
[matchthemes.com/demohtml/dina/blog-grid.html]
[matchthemes.com/demohtml/dina/blog-grid-3-cols.html]
[matchthemes.com/demohtml/dina/blog-fullwidth.html]
[matchthemes.com/demohtml/dina/blog-left-sidebar.html]
[matchthemes.com/demohtml/dina/contact.html]
[matchthemes.com/demohtml/dina/contact-2.html]
[matchthemes.com/demohtml/dina/contact-3.html]
[matchthemes.com/demohtml/dina/css/fontawesome/webfonts/fa-brands-400.svg]
[matchthemes.com/demohtml/dina/css/fontawesome/webfonts/fa-regular-400.svg]
[matchthemes.com/demohtml/dina/css/fontawesome/webfonts/fa-solid-900.svg]
[matchthemes.com/demohtml/dina/owl.video.play.html]
